MO CHIAXUNG NULL CHIAXUNG.v vlg2F/_c_h_i_a_x_u_n_g.bin 1696249279
MO HEX_BCD NULL HEX_BCD.v vlg11/_h_e_x___b_c_d.bin 1696249279
MO UPDOWNCOUNTER NULL UPDOWNCOUNTER.v vlg21/_u_p_d_o_w_n_c_o_u_n_t_e_r.bin 1696249279
MO DEMUX12 NULL DEMUX12.v vlg6A/_d_e_m_u_x12.bin 1695925121
MO TM1638 NULL ../TM1638/TM1638.v vlg4B/_t_m1638.bin 1696249279
MO ADD3 NULL ADD3.v vlg68/_a_d_d3.bin 1696249279
MO NGUYENHONGDANG NULL NGUYENHONGDANG.v vlg5C/_n_g_u_y_e_n_h_o_n_g_d_a_n_g.bin 1696249279
