MO CHIAXUNG NULL CHIAXUNG.v vlg2F/_c_h_i_a_x_u_n_g.bin 1696994449
MO HEX_BCD NULL HEX_BCD.v vlg11/_h_e_x___b_c_d.bin 1696994449
MO UPDOWNCOUNTER NULL UPDOWNCOUNTER.v vlg21/_u_p_d_o_w_n_c_o_u_n_t_e_r.bin 1696994449
MO BINARY_COUNTER NULL BINARY_COUNTER.v vlg08/_b_i_n_a_r_y___c_o_u_n_t_e_r.bin 1696991010
MO NGUYENHONGDANG_finaltest NULL NGUYENHONGDANG_finaltest.v vlg65/_n_g_u_y_e_n_h_o_n_g_d_a_n_g__finaltest.bin 1696994449
MO TM1638 NULL TM1638.v vlg4B/_t_m1638.bin 1696994449
MO ADD3 NULL ADD3.v vlg68/_a_d_d3.bin 1696994449
