MO CHIAXUNG NULL CHIAXUNG.v vlg2F/_c_h_i_a_x_u_n_g.bin 1696646824
MO SHIFTCODE NULL SHIFT_CODE.v vlg45/_s_h_i_f_t_c_o_d_e.bin 1696646824
MO SHIFTCODE_TOP NULL SHIFTCODE_TOP.v vlg67/_s_h_i_f_t_c_o_d_e___t_o_p.bin 1696646824
MO CHIAXUNGkhz NULL TM1638.v vlg68/_c_h_i_a_x_u_n_gkhz.bin 1696646824
MO TM1638 NULL TM1638.v vlg4B/_t_m1638.bin 1696646824
