#-----------------------------------------------------------
# PlanAhead v14.7 (64-bit)
# Build 321239 by xbuild on Fri Sep 27 19:29:51 MDT 2013
# Start of session at: Wed Sep 13 08:18:45 2023
# Process ID: 8800
# Log file: D:/IC lab/ledtudongTSP_PST/planAhead_run_1/planAhead.log
# Journal file: D:/IC lab/ledtudongTSP_PST/planAhead_run_1/planAhead.jou
#-----------------------------------------------------------
start_gui
source {D:/IC lab/ledtudongTSP_PST/pa.fromHdl.tcl}
update_compile_order -fileset sim_1
startgroup
set_property package_pin F9 [get_ports {Led[7]}]
endgroup
startgroup
set_property package_pin E9 [get_ports {Led[6]}]
endgroup
startgroup
set_property package_pin D11 [get_ports {Led[5]}]
endgroup
startgroup
set_property package_pin C11 [get_ports {Led[4]}]
endgroup
startgroup
set_property package_pin F11 [get_ports {Led[3]}]
endgroup
startgroup
set_property package_pin E11 [get_ports {Led[2]}]
endgroup
startgroup
set_property package_pin E12 [get_ports {Led[1]}]
endgroup
startgroup
set_property package_pin E12 [get_ports {Led[1]}]
endgroup
startgroup
set_property package_pin F12 [get_ports {Led[0]}]
endgroup
startgroup
set_property package_pin C9 [get_ports clk]
endgroup
startgroup
set_property package_pin L13 [get_ports reset]
endgroup
save_constraints
