MO COUNTER NULL counter.v vlg30/_c_o_u_n_t_e_r.bin 1696983936
MO Top NULL Top.v vlg4F/_top.bin 1696983936
MO HEX_BCD NULL hex_bcd.v vlg11/_h_e_x___b_c_d.bin 1696983936
MO add3 NULL add3.v vlg48/add3.bin 1696983936
MO Clock_Div NULL clock.v vlg0A/_clock___div.bin 1696983936
MO LCD NULL LCDModule.v vlg7F/_l_c_d.bin 1696983936
