MO CHIAXUNG NULL CHIAXUNG.v vlg2F/_c_h_i_a_x_u_n_g.bin 1695169524
MO GENERAL NULL GENERAL.v vlg7A/_g_e_n_e_r_a_l.bin 1695169524
MO LEDCHOPTAT NULL LEDCHOPTAT.v vlg14/_l_e_d_c_h_o_p_t_a_t.bin 1695169524
MO LED_TSP_PST_TUDONG NULL LED_TSP_PST_TUDONG.v vlg49/_l_e_d___t_s_p___p_s_t___t_u_d_o_n_g.bin 1695169524
MO LEDSANGDON NULL LEDSANGDON.v vlg0B/_l_e_d_s_a_n_g_d_o_n.bin 1695169524
MO DEMUX14 NULL DEMUX14.v vlg6C/_d_e_m_u_x14.bin 1695169524
MO LEDSANG_TATDAN NULL LEDSANG_TATDAN.v vlg55/_l_e_d_s_a_n_g___t_a_t_d_a_n.bin 1695169524
