MO CHIAXUNG NULL ../DKLED_TM1638/CHIAXUNG.v vlg2F/_c_h_i_a_x_u_n_g.bin 1695913852
MO COUNTER NULL ../COUNTER_TM1638/COUNTER.v vlg30/_c_o_u_n_t_e_r.bin 1695913852
MO HEX_BCD NULL ../COUNTER_TM1638/HEX_BCD.v vlg11/_h_e_x___b_c_d.bin 1695913852
MO TM1638 NULL ../TM1638/TM1638.v vlg4B/_t_m1638.bin 1695913852
MO ADD3 NULL ../COUNTER_TM1638/ADD3.v vlg68/_a_d_d3.bin 1695913852
MO NGUYENHONGDANG NULL NGUYENHONGDANG.v vlg5C/_n_g_u_y_e_n_h_o_n_g_d_a_n_g.bin 1695913852
