Release 14.7 - xst P.20131013 (nt64)
Copyright (c) 1995-2013 Xilinx, Inc.  All rights reserved.
--> Parameter TMPDIR set to xst/projnav.tmp


Total REAL time to Xst completion: 0.00 secs
Total CPU time to Xst completion: 0.17 secs
 
--> Parameter xsthdpdir set to xst


Total REAL time to Xst completion: 0.00 secs
Total CPU time to Xst completion: 0.17 secs
 
--> Reading design: NGUYENHONGDANG.prj

TABLE OF CONTENTS
  1) Synthesis Options Summary
  2) HDL Compilation
  3) Design Hierarchy Analysis
  4) HDL Analysis
  5) HDL Synthesis
     5.1) HDL Synthesis Report
  6) Advanced HDL Synthesis
     6.1) Advanced HDL Synthesis Report
  7) Low Level Synthesis
  8) Partition Report
  9) Final Report
	9.1) Device utilization summary
	9.2) Partition Resource Summary
	9.3) TIMING REPORT


=========================================================================
*                      Synthesis Options Summary                        *
=========================================================================
---- Source Parameters
Input File Name                    : "NGUYENHONGDANG.prj"
Input Format                       : mixed
Ignore Synthesis Constraint File   : NO

---- Target Parameters
Output File Name                   : "NGUYENHONGDANG"
Output Format                      : NGC
Target Device                      : xc3s500e-4-fg320

---- Source Options
Top Module Name                    : NGUYENHONGDANG
Automatic FSM Extraction           : YES
FSM Encoding Algorithm             : Auto
Safe Implementation                : No
FSM Style                          : LUT
RAM Extraction                     : Yes
RAM Style                          : Auto
ROM Extraction                     : Yes
Mux Style                          : Auto
Decoder Extraction                 : YES
Priority Encoder Extraction        : Yes
Shift Register Extraction          : YES
Logical Shifter Extraction         : YES
XOR Collapsing                     : YES
ROM Style                          : Auto
Mux Extraction                     : Yes
Resource Sharing                   : YES
Asynchronous To Synchronous        : NO
Multiplier Style                   : Auto
Automatic Register Balancing       : No

---- Target Options
Add IO Buffers                     : YES
Global Maximum Fanout              : 100000
Add Generic Clock Buffer(BUFG)     : 24
Register Duplication               : YES
Slice Packing                      : YES
Optimize Instantiated Primitives   : NO
Use Clock Enable                   : Yes
Use Synchronous Set                : Yes
Use Synchronous Reset              : Yes
Pack IO Registers into IOBs        : Auto
Equivalent register Removal        : YES

---- General Options
Optimization Goal                  : Speed
Optimization Effort                : 1
Keep Hierarchy                     : No
Netlist Hierarchy                  : As_Optimized
RTL Output                         : Yes
Global Optimization                : AllClockNets
Read Cores                         : YES
Write Timing Constraints           : NO
Cross Clock Analysis               : NO
Hierarchy Separator                : /
Bus Delimiter                      : <>
Case Specifier                     : Maintain
Slice Utilization Ratio            : 100
BRAM Utilization Ratio             : 100
Verilog 2001                       : YES
Auto BRAM Packing                  : NO
Slice Utilization Ratio Delta      : 5

=========================================================================


=========================================================================
*                          HDL Compilation                              *
=========================================================================
Compiling verilog file "ADD3.v" in library work
Compiling verilog file "../TM1638/TM1638.v" in library work
Module <ADD3> compiled
Compiling verilog file "UPDOWNCOUNTER.v" in library work
Module <TM1638> compiled
Compiling verilog file "HEX_BCD.v" in library work
Module <UPDOWNCOUNTER> compiled
Compiling verilog file "CHIAXUNG.v" in library work
Module <HEX_BCD> compiled
Compiling verilog file "NGUYENHONGDANG.v" in library work
Module <CHIAXUNG> compiled
Module <NGUYENHONGDANG> compiled
No errors in compilation
Analysis of file <"NGUYENHONGDANG.prj"> succeeded.
 

=========================================================================
*                     Design Hierarchy Analysis                         *
=========================================================================
Analyzing hierarchy for module <NGUYENHONGDANG> in library <work>.

Analyzing hierarchy for module <CHIAXUNG> in library <work>.

Analyzing hierarchy for module <UPDOWNCOUNTER> in library <work>.

Analyzing hierarchy for module <HEX_BCD> in library <work>.

Analyzing hierarchy for module <TM1638> in library <work>.

Analyzing hierarchy for module <ADD3> in library <work>.


=========================================================================
*                            HDL Analysis                               *
=========================================================================
Analyzing top module <NGUYENHONGDANG>.
WARNING:Xst:852 - "NGUYENHONGDANG.v" line 38: Unconnected input port 'led' of instance 'tm' is tied to GND.
Module <NGUYENHONGDANG> is correct for synthesis.
 
Analyzing module <CHIAXUNG> in library <work>.
Module <CHIAXUNG> is correct for synthesis.
 
Analyzing module <UPDOWNCOUNTER> in library <work>.
Module <UPDOWNCOUNTER> is correct for synthesis.
 
Analyzing module <HEX_BCD> in library <work>.
Module <HEX_BCD> is correct for synthesis.
 
Analyzing module <ADD3> in library <work>.
Module <ADD3> is correct for synthesis.
 
Analyzing module <TM1638> in library <work>.
	Calling function <sseg>.
	Calling function <sseg>.
	Calling function <sseg>.
	Calling function <sseg>.
	Calling function <sseg>.
	Calling function <sseg>.
	Calling function <sseg>.
	Calling function <sseg>.
Module <TM1638> is correct for synthesis.
 

=========================================================================
*                           HDL Synthesis                               *
=========================================================================

Performing bidirectional port resolution...

Synthesizing Unit <CHIAXUNG>.
    Related source file is "CHIAXUNG.v".
    Found 1-bit register for signal <clk_khz>.
    Found 1-bit register for signal <clk_1hz>.
    Found 32-bit up counter for signal <cnt>.
    Found 32-bit up counter for signal <cnt1>.
    Summary:
	inferred   2 Counter(s).
	inferred   2 D-type flip-flop(s).
Unit <CHIAXUNG> synthesized.


Synthesizing Unit <UPDOWNCOUNTER>.
    Related source file is "UPDOWNCOUNTER.v".
    Found 8-bit register for signal <led567>.
    Found 8-bit register for signal <led012>.
    Found 10-bit updown counter for signal <cnt>.
    Summary:
	inferred   1 Counter(s).
	inferred  16 D-type flip-flop(s).
Unit <UPDOWNCOUNTER> synthesized.


Synthesizing Unit <TM1638>.
    Related source file is "../TM1638/TM1638.v".
WARNING:Xst:1872 - Variable <i> is used but never assigned.
    Found 16x8-bit ROM for signal <sseg/1/sseg>.
    Found 16x8-bit ROM for signal <sseg/2/sseg>.
    Found 16x8-bit ROM for signal <sseg/3/sseg>.
    Found 16x8-bit ROM for signal <sseg/6/sseg>.
    Found 16x8-bit ROM for signal <sseg/7/sseg>.
    Found 16x8-bit ROM for signal <sseg/8/sseg>.
    Found 1-bit register for signal <clk>.
    Found 1-bit register for signal <dio>.
    Found 1-bit register for signal <stb>.
    Found 8-bit register for signal <command1>.
    Found 33-bit comparator greater for signal <command1$cmp_gt0000> created at line 109.
    Found 33-bit comparator less for signal <command1$cmp_lt0000> created at line 109.
    Found 8-bit register for signal <command2>.
    Found 33-bit comparator greater for signal <command2$cmp_gt0000> created at line 121.
    Found 33-bit comparator less for signal <command2$cmp_lt0000> created at line 121.
    Found 8-bit register for signal <command3>.
    Found 33-bit comparator greater for signal <command3$cmp_gt0000> created at line 141.
    Found 33-bit comparator less for signal <command3$cmp_lt0000> created at line 141.
    Found 32-bit register for signal <cs>.
    Found 32-bit adder for signal <cs$add0000> created at line 154.
    Found 128-bit register for signal <leddatahold>.
    Found 33-bit comparator greater for signal <leddatahold$cmp_gt0000> created at line 128.
    Found 33-bit comparator less for signal <leddatahold$cmp_lt0000> created at line 128.
    Found 33-bit comparator greatequal for signal <old_cs_4$cmp_ge0000> created at line 109.
    Found 33-bit comparator greatequal for signal <old_cs_4$cmp_ge0001> created at line 121.
    Found 33-bit comparator greatequal for signal <old_cs_4$cmp_ge0002> created at line 128.
    Found 33-bit comparator greatequal for signal <old_cs_4$cmp_ge0003> created at line 141.
    Found 33-bit comparator lessequal for signal <old_cs_4$cmp_le0000> created at line 109.
    Found 33-bit comparator lessequal for signal <old_cs_4$cmp_le0001> created at line 121.
    Found 33-bit comparator lessequal for signal <old_cs_4$cmp_le0002> created at line 128.
    Found 33-bit comparator lessequal for signal <old_cs_4$cmp_le0003> created at line 141.
    Summary:
	inferred   6 ROM(s).
	inferred 187 D-type flip-flop(s).
	inferred   1 Adder/Subtractor(s).
	inferred  16 Comparator(s).
Unit <TM1638> synthesized.


Synthesizing Unit <ADD3>.
    Related source file is "ADD3.v".
    Found 16x4-bit ROM for signal <out>.
    Summary:
	inferred   1 ROM(s).
Unit <ADD3> synthesized.


Synthesizing Unit <HEX_BCD>.
    Related source file is "HEX_BCD.v".
Unit <HEX_BCD> synthesized.


Synthesizing Unit <NGUYENHONGDANG>.
    Related source file is "NGUYENHONGDANG.v".
WARNING:Xst:1780 - Signal <seg> is never used or assigned. This unconnected signal will be trimmed during the optimization process.
WARNING:Xst:1780 - Signal <cnt> is never used or assigned. This unconnected signal will be trimmed during the optimization process.
Unit <NGUYENHONGDANG> synthesized.


=========================================================================
HDL Synthesis Report

Macro Statistics
# ROMs                                                 : 20
 16x4-bit ROM                                          : 14
 16x8-bit ROM                                          : 6
# Adders/Subtractors                                   : 1
 32-bit adder                                          : 1
# Counters                                             : 3
 10-bit updown counter                                 : 1
 32-bit up counter                                     : 2
# Registers                                            : 12
 1-bit register                                        : 5
 128-bit register                                      : 1
 32-bit register                                       : 1
 8-bit register                                        : 5
# Comparators                                          : 16
 33-bit comparator greatequal                          : 4
 33-bit comparator greater                             : 4
 33-bit comparator less                                : 4
 33-bit comparator lessequal                           : 4

=========================================================================

=========================================================================
*                       Advanced HDL Synthesis                          *
=========================================================================

WARNING:Xst:1293 - FF/Latch <command1_7> has a constant value of 0 in block <tm>. This FF/Latch will be trimmed during the optimization process.
WARNING:Xst:1710 - FF/Latch <leddatahold_120> (without init value) has a constant value of 0 in block <tm>. This FF/Latch will be trimmed during the optimization process.
WARNING:Xst:1710 - FF/Latch <leddatahold_121> (without init value) has a constant value of 0 in block <tm>. This FF/Latch will be trimmed during the optimization process.
WARNING:Xst:1710 - FF/Latch <leddatahold_122> (without init value) has a constant value of 0 in block <tm>. This FF/Latch will be trimmed during the optimization process.
WARNING:Xst:1710 - FF/Latch <leddatahold_123> (without init value) has a constant value of 0 in block <tm>. This FF/Latch will be trimmed during the optimization process.
WARNING:Xst:1710 - FF/Latch <leddatahold_124> (without init value) has a constant value of 0 in block <tm>. This FF/Latch will be trimmed during the optimization process.
WARNING:Xst:1710 - FF/Latch <leddatahold_125> (without init value) has a constant value of 0 in block <tm>. This FF/Latch will be trimmed during the optimization process.
WARNING:Xst:1710 - FF/Latch <leddatahold_126> (without init value) has a constant value of 0 in block <tm>. This FF/Latch will be trimmed during the optimization process.
WARNING:Xst:1710 - FF/Latch <leddatahold_127> (without init value) has a constant value of 0 in block <tm>. This FF/Latch will be trimmed during the optimization process.
WARNING:Xst:2404 -  FFs/Latches <leddatahold<127:127>> (without init value) have a constant value of 0 in block <TM1638>.
WARNING:Xst:2404 -  FFs/Latches <leddatahold<126:126>> (without init value) have a constant value of 0 in block <TM1638>.
WARNING:Xst:2404 -  FFs/Latches <leddatahold<125:125>> (without init value) have a constant value of 0 in block <TM1638>.

=========================================================================
Advanced HDL Synthesis Report

Macro Statistics
# ROMs                                                 : 20
 16x4-bit ROM                                          : 14
 16x8-bit ROM                                          : 6
# Adders/Subtractors                                   : 1
 32-bit adder                                          : 1
# Counters                                             : 3
 10-bit updown counter                                 : 1
 32-bit up counter                                     : 2
# Registers                                            : 202
 Flip-Flops                                            : 202
# Comparators                                          : 16
 33-bit comparator greatequal                          : 4
 33-bit comparator greater                             : 4
 33-bit comparator less                                : 4
 33-bit comparator lessequal                           : 4

=========================================================================

=========================================================================
*                         Low Level Synthesis                           *
=========================================================================
WARNING:Xst:1293 - FF/Latch <command1_7> has a constant value of 0 in block <TM1638>. This FF/Latch will be trimmed during the optimization process.
WARNING:Xst:1895 - Due to other FF/Latch trimming, FF/Latch <leddatahold_120> (without init value) has a constant value of 0 in block <TM1638>. This FF/Latch will be trimmed during the optimization process.
WARNING:Xst:1895 - Due to other FF/Latch trimming, FF/Latch <leddatahold_121> (without init value) has a constant value of 0 in block <TM1638>. This FF/Latch will be trimmed during the optimization process.
WARNING:Xst:1895 - Due to other FF/Latch trimming, FF/Latch <leddatahold_122> (without init value) has a constant value of 0 in block <TM1638>. This FF/Latch will be trimmed during the optimization process.
WARNING:Xst:1895 - Due to other FF/Latch trimming, FF/Latch <leddatahold_123> (without init value) has a constant value of 0 in block <TM1638>. This FF/Latch will be trimmed during the optimization process.
WARNING:Xst:1895 - Due to other FF/Latch trimming, FF/Latch <leddatahold_124> (without init value) has a constant value of 0 in block <TM1638>. This FF/Latch will be trimmed during the optimization process.
WARNING:Xst:1710 - FF/Latch <leddatahold_119> (without init value) has a constant value of 0 in block <TM1638>. This FF/Latch will be trimmed during the optimization process.

Optimizing unit <NGUYENHONGDANG> ...

Optimizing unit <CHIAXUNG> ...

Optimizing unit <UPDOWNCOUNTER> ...

Optimizing unit <TM1638> ...

Mapping all equations...
Building and optimizing final netlist ...
Found area constraint ratio of 100 (+ 5) on block NGUYENHONGDANG, actual ratio is 5.

Final Macro Processing ...

Processing Unit <NGUYENHONGDANG> :
	Found 4-bit shift register for signal <tm/command3_0>.
INFO:Xst:741 - HDL ADVISOR - A 6-bit shift register was found for signal <tm/command2_0> and currently occupies 6 logic cells (3 slices). Removing the set/reset logic would take advantage of SRL16 (and derived) primitives and reduce this to 1 logic cells (1 slices). Evaluate if the set/reset can be removed for this simple shift register. The majority of simple pipeline structures do not need to be set/reset operationally.
INFO:Xst:741 - HDL ADVISOR - A 6-bit shift register was found for signal <tm/command1_0> and currently occupies 6 logic cells (3 slices). Removing the set/reset logic would take advantage of SRL16 (and derived) primitives and reduce this to 1 logic cells (1 slices). Evaluate if the set/reset can be removed for this simple shift register. The majority of simple pipeline structures do not need to be set/reset operationally.
Unit <NGUYENHONGDANG> processed.

=========================================================================
Final Register Report

Macro Statistics
# Registers                                            : 265
 Flip-Flops                                            : 265
# Shift Registers                                      : 1
 4-bit shift register                                  : 1

=========================================================================

=========================================================================
*                           Partition Report                            *
=========================================================================

Partition Implementation Status
-------------------------------

  No Partitions were found in this design.

-------------------------------

=========================================================================
*                            Final Report                               *
=========================================================================
Final Results
RTL Top Level Output File Name     : NGUYENHONGDANG.ngr
Top Level Output File Name         : NGUYENHONGDANG
Output Format                      : NGC
Optimization Goal                  : Speed
Keep Hierarchy                     : No

Design Statistics
# IOs                              : 7

Cell Usage :
# BELS                             : 818
#      GND                         : 1
#      INV                         : 19
#      LUT1                        : 82
#      LUT2                        : 111
#      LUT2_D                      : 2
#      LUT2_L                      : 1
#      LUT3                        : 50
#      LUT3_D                      : 1
#      LUT4                        : 207
#      LUT4_D                      : 5
#      LUT4_L                      : 3
#      MUXCY                       : 219
#      MUXF5                       : 10
#      VCC                         : 1
#      XORCY                       : 106
# FlipFlops/Latches                : 270
#      FD                          : 32
#      FDE                         : 124
#      FDR                         : 80
#      FDRE                        : 26
#      FDSE                        : 8
# Shift Registers                  : 1
#      SRL16E                      : 1
# Clock Buffers                    : 3
#      BUFG                        : 2
#      BUFGP                       : 1
# IO Buffers                       : 6
#      IBUF                        : 3
#      OBUF                        : 3
=========================================================================

Device utilization summary:
---------------------------

Selected Device : 3s500efg320-4 

 Number of Slices:                      256  out of   4656     5%  
 Number of Slice Flip Flops:            270  out of   9312     2%  
 Number of 4 input LUTs:                482  out of   9312     5%  
    Number used as logic:               481
    Number used as Shift registers:       1
 Number of IOs:                           7
 Number of bonded IOBs:                   7  out of    232     3%  
 Number of GCLKs:                         3  out of     24    12%  

---------------------------
Partition Resource Summary:
---------------------------

  No Partitions were found in this design.

---------------------------


=========================================================================
TIMING REPORT

NOTE: THESE TIMING NUMBERS ARE ONLY A SYNTHESIS ESTIMATE.
      FOR ACCURATE TIMING INFORMATION PLEASE REFER TO THE TRACE REPORT
      GENERATED AFTER PLACE-and-ROUTE.

Clock Information:
------------------
-----------------------------------+------------------------+-------+
Clock Signal                       | Clock buffer(FF name)  | Load  |
-----------------------------------+------------------------+-------+
clki                               | BUFGP                  | 66    |
chiaxung/clk_1hz1                  | BUFG                   | 26    |
chiaxung/clk_khz1                  | BUFG                   | 179   |
-----------------------------------+------------------------+-------+

Asynchronous Control Signals Information:
----------------------------------------
No asynchronous control signals found in this design

Timing Summary:
---------------
Speed Grade: -4

   Minimum period: 11.262ns (Maximum Frequency: 88.794MHz)
   Minimum input arrival time before clock: 6.331ns
   Maximum output required time after clock: 4.532ns
   Maximum combinational path delay: No path found

Timing Detail:
--------------
All values displayed in nanoseconds (ns)

=========================================================================
Timing constraint: Default period analysis for Clock 'clki'
  Clock period: 5.240ns (frequency: 190.857MHz)
  Total number of paths / destination ports: 3170 / 132
-------------------------------------------------------------------------
Delay:               5.240ns (Levels of Logic = 9)
  Source:            chiaxung/cnt1_8 (FF)
  Destination:       chiaxung/cnt1_31 (FF)
  Source Clock:      clki rising
  Destination Clock: clki rising

  Data Path: chiaxung/cnt1_8 to chiaxung/cnt1_31
                                Gate     Net
    Cell:in->out      fanout   Delay   Delay  Logical Name (Net Name)
    ----------------------------------------  ------------
     FDR:C->Q              2   0.591   0.622  chiaxung/cnt1_8 (chiaxung/cnt1_8)
     LUT4:I0->O            1   0.704   0.000  chiaxung/clk_khz_cmp_eq0000_wg_lut<0> (chiaxung/clk_khz_cmp_eq0000_wg_lut<0>)
     MUXCY:S->O            1   0.464   0.000  chiaxung/clk_khz_cmp_eq0000_wg_cy<0> (chiaxung/clk_khz_cmp_eq0000_wg_cy<0>)
     MUXCY:CI->O           1   0.059   0.000  chiaxung/clk_khz_cmp_eq0000_wg_cy<1> (chiaxung/clk_khz_cmp_eq0000_wg_cy<1>)
     MUXCY:CI->O           1   0.059   0.000  chiaxung/clk_khz_cmp_eq0000_wg_cy<2> (chiaxung/clk_khz_cmp_eq0000_wg_cy<2>)
     MUXCY:CI->O           1   0.059   0.000  chiaxung/clk_khz_cmp_eq0000_wg_cy<3> (chiaxung/clk_khz_cmp_eq0000_wg_cy<3>)
     MUXCY:CI->O           1   0.059   0.000  chiaxung/clk_khz_cmp_eq0000_wg_cy<4> (chiaxung/clk_khz_cmp_eq0000_wg_cy<4>)
     MUXCY:CI->O           1   0.059   0.000  chiaxung/clk_khz_cmp_eq0000_wg_cy<5> (chiaxung/clk_khz_cmp_eq0000_wg_cy<5>)
     MUXCY:CI->O           1   0.059   0.000  chiaxung/clk_khz_cmp_eq0000_wg_cy<6> (chiaxung/clk_khz_cmp_eq0000_wg_cy<6>)
     MUXCY:CI->O          33   0.331   1.263  chiaxung/clk_khz_cmp_eq0000_wg_cy<7> (chiaxung/clk_khz_cmp_eq0000)
     FDR:R                     0.911          chiaxung/cnt1_0
    ----------------------------------------
    Total                      5.240ns (3.355ns logic, 1.885ns route)
                                       (64.0% logic, 36.0% route)

=========================================================================
Timing constraint: Default period analysis for Clock 'chiaxung/clk_1hz1'
  Clock period: 5.450ns (frequency: 183.486MHz)
  Total number of paths / destination ports: 316 / 36
-------------------------------------------------------------------------
Delay:               5.450ns (Levels of Logic = 12)
  Source:            counter/cnt_0 (FF)
  Destination:       counter/cnt_9 (FF)
  Source Clock:      chiaxung/clk_1hz1 rising
  Destination Clock: chiaxung/clk_1hz1 rising

  Data Path: counter/cnt_0 to counter/cnt_9
                                Gate     Net
    Cell:in->out      fanout   Delay   Delay  Logical Name (Net Name)
    ----------------------------------------  ------------
     FDRE:C->Q             5   0.591   0.808  counter/cnt_0 (counter/cnt_0)
     LUT2:I0->O            1   0.704   0.000  counter/Mcount_cnt_lut<0> (counter/Mcount_cnt_lut<0>)
     MUXCY:S->O            1   0.464   0.000  counter/Mcount_cnt_cy<0> (counter/Mcount_cnt_cy<0>)
     MUXCY:CI->O           1   0.059   0.000  counter/Mcount_cnt_cy<1> (counter/Mcount_cnt_cy<1>)
     MUXCY:CI->O           1   0.059   0.000  counter/Mcount_cnt_cy<2> (counter/Mcount_cnt_cy<2>)
     MUXCY:CI->O           1   0.059   0.000  counter/Mcount_cnt_cy<3> (counter/Mcount_cnt_cy<3>)
     MUXCY:CI->O           1   0.059   0.000  counter/Mcount_cnt_cy<4> (counter/Mcount_cnt_cy<4>)
     MUXCY:CI->O           1   0.059   0.000  counter/Mcount_cnt_cy<5> (counter/Mcount_cnt_cy<5>)
     MUXCY:CI->O           1   0.059   0.000  counter/Mcount_cnt_cy<6> (counter/Mcount_cnt_cy<6>)
     MUXCY:CI->O           1   0.059   0.000  counter/Mcount_cnt_cy<7> (counter/Mcount_cnt_cy<7>)
     MUXCY:CI->O           0   0.059   0.000  counter/Mcount_cnt_cy<8> (counter/Mcount_cnt_cy<8>)
     XORCY:CI->O           1   0.804   0.595  counter/Mcount_cnt_xor<9> (counter/Result<9>)
     LUT4:I0->O            1   0.704   0.000  counter/Mcount_cnt_eqn_91 (counter/Mcount_cnt_eqn_9)
     FDRE:D                    0.308          counter/cnt_9
    ----------------------------------------
    Total                      5.450ns (4.047ns logic, 1.403ns route)
                                       (74.3% logic, 25.7% route)

=========================================================================
Timing constraint: Default period analysis for Clock 'chiaxung/clk_khz1'
  Clock period: 11.262ns (frequency: 88.794MHz)
  Total number of paths / destination ports: 159422 / 346
-------------------------------------------------------------------------
Delay:               11.262ns (Levels of Logic = 40)
  Source:            tm/cs_27 (FF)
  Destination:       tm/cs_31 (FF)
  Source Clock:      chiaxung/clk_khz1 rising
  Destination Clock: chiaxung/clk_khz1 rising

  Data Path: tm/cs_27 to tm/cs_31
                                Gate     Net
    Cell:in->out      fanout   Delay   Delay  Logical Name (Net Name)
    ----------------------------------------  ------------
     FD:C->Q              10   0.591   1.057  tm/cs_27 (tm/cs_27)
     LUT2:I0->O            1   0.704   0.000  tm/old_cs_4_cmp_eq00001_wg_lut<0> (tm/old_cs_4_cmp_eq00001_wg_lut<0>)
     MUXCY:S->O            1   0.464   0.000  tm/old_cs_4_cmp_eq00001_wg_cy<0> (tm/old_cs_4_cmp_eq00001_wg_cy<0>)
     MUXCY:CI->O           1   0.059   0.000  tm/old_cs_4_cmp_eq00001_wg_cy<1> (tm/old_cs_4_cmp_eq00001_wg_cy<1>)
     MUXCY:CI->O           1   0.059   0.000  tm/old_cs_4_cmp_eq00001_wg_cy<2> (tm/old_cs_4_cmp_eq00001_wg_cy<2>)
     MUXCY:CI->O           1   0.059   0.000  tm/old_cs_4_cmp_eq00001_wg_cy<3> (tm/old_cs_4_cmp_eq00001_wg_cy<3>)
     MUXCY:CI->O           1   0.059   0.000  tm/old_cs_4_cmp_eq00001_wg_cy<4> (tm/old_cs_4_cmp_eq00001_wg_cy<4>)
     MUXCY:CI->O           1   0.059   0.000  tm/old_cs_4_cmp_eq00001_wg_cy<5> (tm/old_cs_4_cmp_eq00001_wg_cy<5>)
     MUXCY:CI->O           5   0.459   0.637  tm/old_cs_4_cmp_eq00001_wg_cy<6> (tm/old_cs_4_cmp_eq00001_wg_cy<6>)
     LUT4_D:I3->O         20   0.704   1.137  tm/old_cs_4_cmp_eq00001 (tm/old_cs_4_cmp_eq0000)
     LUT4:I2->O            5   0.704   0.637  tm/_old_cs_4<10>1139_SW1 (N204)
     LUT4:I3->O            1   0.704   0.000  tm/_old_cs_4<3>1 (tm/_old_cs_4<3>)
     MUXCY:S->O            1   0.464   0.000  tm/Madd_cs_add0000_cy<3> (tm/Madd_cs_add0000_cy<3>)
     MUXCY:CI->O           1   0.059   0.000  tm/Madd_cs_add0000_cy<4> (tm/Madd_cs_add0000_cy<4>)
     MUXCY:CI->O           1   0.059   0.000  tm/Madd_cs_add0000_cy<5> (tm/Madd_cs_add0000_cy<5>)
     MUXCY:CI->O           1   0.059   0.000  tm/Madd_cs_add0000_cy<6> (tm/Madd_cs_add0000_cy<6>)
     MUXCY:CI->O           1   0.059   0.000  tm/Madd_cs_add0000_cy<7> (tm/Madd_cs_add0000_cy<7>)
     MUXCY:CI->O           1   0.059   0.000  tm/Madd_cs_add0000_cy<8> (tm/Madd_cs_add0000_cy<8>)
     MUXCY:CI->O           1   0.059   0.000  tm/Madd_cs_add0000_cy<9> (tm/Madd_cs_add0000_cy<9>)
     MUXCY:CI->O           1   0.059   0.000  tm/Madd_cs_add0000_cy<10> (tm/Madd_cs_add0000_cy<10>)
     MUXCY:CI->O           1   0.059   0.000  tm/Madd_cs_add0000_cy<11> (tm/Madd_cs_add0000_cy<11>)
     MUXCY:CI->O           1   0.059   0.000  tm/Madd_cs_add0000_cy<12> (tm/Madd_cs_add0000_cy<12>)
     MUXCY:CI->O           1   0.059   0.000  tm/Madd_cs_add0000_cy<13> (tm/Madd_cs_add0000_cy<13>)
     MUXCY:CI->O           1   0.059   0.000  tm/Madd_cs_add0000_cy<14> (tm/Madd_cs_add0000_cy<14>)
     MUXCY:CI->O           1   0.059   0.000  tm/Madd_cs_add0000_cy<15> (tm/Madd_cs_add0000_cy<15>)
     MUXCY:CI->O           1   0.059   0.000  tm/Madd_cs_add0000_cy<16> (tm/Madd_cs_add0000_cy<16>)
     MUXCY:CI->O           1   0.059   0.000  tm/Madd_cs_add0000_cy<17> (tm/Madd_cs_add0000_cy<17>)
     MUXCY:CI->O           1   0.059   0.000  tm/Madd_cs_add0000_cy<18> (tm/Madd_cs_add0000_cy<18>)
     MUXCY:CI->O           1   0.059   0.000  tm/Madd_cs_add0000_cy<19> (tm/Madd_cs_add0000_cy<19>)
     MUXCY:CI->O           1   0.059   0.000  tm/Madd_cs_add0000_cy<20> (tm/Madd_cs_add0000_cy<20>)
     MUXCY:CI->O           1   0.059   0.000  tm/Madd_cs_add0000_cy<21> (tm/Madd_cs_add0000_cy<21>)
     MUXCY:CI->O           1   0.059   0.000  tm/Madd_cs_add0000_cy<22> (tm/Madd_cs_add0000_cy<22>)
     MUXCY:CI->O           1   0.059   0.000  tm/Madd_cs_add0000_cy<23> (tm/Madd_cs_add0000_cy<23>)
     MUXCY:CI->O           1   0.059   0.000  tm/Madd_cs_add0000_cy<24> (tm/Madd_cs_add0000_cy<24>)
     MUXCY:CI->O           1   0.059   0.000  tm/Madd_cs_add0000_cy<25> (tm/Madd_cs_add0000_cy<25>)
     MUXCY:CI->O           1   0.059   0.000  tm/Madd_cs_add0000_cy<26> (tm/Madd_cs_add0000_cy<26>)
     MUXCY:CI->O           1   0.059   0.000  tm/Madd_cs_add0000_cy<27> (tm/Madd_cs_add0000_cy<27>)
     MUXCY:CI->O           1   0.059   0.000  tm/Madd_cs_add0000_cy<28> (tm/Madd_cs_add0000_cy<28>)
     MUXCY:CI->O           1   0.059   0.000  tm/Madd_cs_add0000_cy<29> (tm/Madd_cs_add0000_cy<29>)
     MUXCY:CI->O           0   0.059   0.000  tm/Madd_cs_add0000_cy<30> (tm/Madd_cs_add0000_cy<30>)
     XORCY:CI->O           1   0.804   0.000  tm/Madd_cs_add0000_xor<31> (tm/cs_add0000<31>)
     FD:D                      0.308          tm/cs_31
    ----------------------------------------
    Total                     11.262ns (7.794ns logic, 3.468ns route)
                                       (69.2% logic, 30.8% route)

=========================================================================
Timing constraint: Default OFFSET IN BEFORE for Clock 'chiaxung/clk_1hz1'
  Total number of paths / destination ports: 121 / 46
-------------------------------------------------------------------------
Offset:              6.331ns (Levels of Logic = 13)
  Source:            sw0 (PAD)
  Destination:       counter/cnt_9 (FF)
  Destination Clock: chiaxung/clk_1hz1 rising

  Data Path: sw0 to counter/cnt_9
                                Gate     Net
    Cell:in->out      fanout   Delay   Delay  Logical Name (Net Name)
    ----------------------------------------  ------------
     IBUF:I->O            13   1.218   1.062  sw0_IBUF (counter/sw0_inv_inv1)
     LUT2:I1->O            1   0.704   0.000  counter/Mcount_cnt_lut<0> (counter/Mcount_cnt_lut<0>)
     MUXCY:S->O            1   0.464   0.000  counter/Mcount_cnt_cy<0> (counter/Mcount_cnt_cy<0>)
     MUXCY:CI->O           1   0.059   0.000  counter/Mcount_cnt_cy<1> (counter/Mcount_cnt_cy<1>)
     MUXCY:CI->O           1   0.059   0.000  counter/Mcount_cnt_cy<2> (counter/Mcount_cnt_cy<2>)
     MUXCY:CI->O           1   0.059   0.000  counter/Mcount_cnt_cy<3> (counter/Mcount_cnt_cy<3>)
     MUXCY:CI->O           1   0.059   0.000  counter/Mcount_cnt_cy<4> (counter/Mcount_cnt_cy<4>)
     MUXCY:CI->O           1   0.059   0.000  counter/Mcount_cnt_cy<5> (counter/Mcount_cnt_cy<5>)
     MUXCY:CI->O           1   0.059   0.000  counter/Mcount_cnt_cy<6> (counter/Mcount_cnt_cy<6>)
     MUXCY:CI->O           1   0.059   0.000  counter/Mcount_cnt_cy<7> (counter/Mcount_cnt_cy<7>)
     MUXCY:CI->O           0   0.059   0.000  counter/Mcount_cnt_cy<8> (counter/Mcount_cnt_cy<8>)
     XORCY:CI->O           1   0.804   0.595  counter/Mcount_cnt_xor<9> (counter/Result<9>)
     LUT4:I0->O            1   0.704   0.000  counter/Mcount_cnt_eqn_91 (counter/Mcount_cnt_eqn_9)
     FDRE:D                    0.308          counter/cnt_9
    ----------------------------------------
    Total                      6.331ns (4.674ns logic, 1.657ns route)
                                       (73.8% logic, 26.2% route)

=========================================================================
Timing constraint: Default OFFSET OUT AFTER for Clock 'chiaxung/clk_khz1'
  Total number of paths / destination ports: 3 / 3
-------------------------------------------------------------------------
Offset:              4.532ns (Levels of Logic = 1)
  Source:            tm/clk (FF)
  Destination:       clko (PAD)
  Source Clock:      chiaxung/clk_khz1 rising

  Data Path: tm/clk to clko
                                Gate     Net
    Cell:in->out      fanout   Delay   Delay  Logical Name (Net Name)
    ----------------------------------------  ------------
     FDE:C->Q              6   0.591   0.669  tm/clk (tm/clk)
     OBUF:I->O                 3.272          clko_OBUF (clko)
    ----------------------------------------
    Total                      4.532ns (3.863ns logic, 0.669ns route)
                                       (85.2% logic, 14.8% route)

=========================================================================


Total REAL time to Xst completion: 13.00 secs
Total CPU time to Xst completion: 12.82 secs
 
--> 

Total memory usage is 4513520 kilobytes

Number of errors   :    0 (   0 filtered)
Number of warnings :   25 (   0 filtered)
Number of infos    :    2 (   0 filtered)

