Release 14.7 - xst P.20131013 (nt64)
Copyright (c) 1995-2013 Xilinx, Inc.  All rights reserved.
--> Parameter TMPDIR set to xst/projnav.tmp


Total REAL time to Xst completion: 0.00 secs
Total CPU time to Xst completion: 0.17 secs
 
--> Parameter xsthdpdir set to xst


Total REAL time to Xst completion: 0.00 secs
Total CPU time to Xst completion: 0.17 secs
 
--> Reading design: DKLED_TM1638_SANGDAN.prj

TABLE OF CONTENTS
  1) Synthesis Options Summary
  2) HDL Compilation
  3) Design Hierarchy Analysis
  4) HDL Analysis
  5) HDL Synthesis
     5.1) HDL Synthesis Report
  6) Advanced HDL Synthesis
     6.1) Advanced HDL Synthesis Report
  7) Low Level Synthesis
  8) Partition Report
  9) Final Report
	9.1) Device utilization summary
	9.2) Partition Resource Summary
	9.3) TIMING REPORT


=========================================================================
*                      Synthesis Options Summary                        *
=========================================================================
---- Source Parameters
Input File Name                    : "DKLED_TM1638_SANGDAN.prj"
Input Format                       : mixed
Ignore Synthesis Constraint File   : NO

---- Target Parameters
Output File Name                   : "DKLED_TM1638_SANGDAN"
Output Format                      : NGC
Target Device                      : xc3s500e-4-fg320

---- Source Options
Top Module Name                    : DKLED_TM1638_SANGDAN
Automatic FSM Extraction           : YES
FSM Encoding Algorithm             : Auto
Safe Implementation                : No
FSM Style                          : LUT
RAM Extraction                     : Yes
RAM Style                          : Auto
ROM Extraction                     : Yes
Mux Style                          : Auto
Decoder Extraction                 : YES
Priority Encoder Extraction        : Yes
Shift Register Extraction          : YES
Logical Shifter Extraction         : YES
XOR Collapsing                     : YES
ROM Style                          : Auto
Mux Extraction                     : Yes
Resource Sharing                   : YES
Asynchronous To Synchronous        : NO
Multiplier Style                   : Auto
Automatic Register Balancing       : No

---- Target Options
Add IO Buffers                     : YES
Global Maximum Fanout              : 100000
Add Generic Clock Buffer(BUFG)     : 24
Register Duplication               : YES
Slice Packing                      : YES
Optimize Instantiated Primitives   : NO
Use Clock Enable                   : Yes
Use Synchronous Set                : Yes
Use Synchronous Reset              : Yes
Pack IO Registers into IOBs        : Auto
Equivalent register Removal        : YES

---- General Options
Optimization Goal                  : Speed
Optimization Effort                : 1
Keep Hierarchy                     : No
Netlist Hierarchy                  : As_Optimized
RTL Output                         : Yes
Global Optimization                : AllClockNets
Read Cores                         : YES
Write Timing Constraints           : NO
Cross Clock Analysis               : NO
Hierarchy Separator                : /
Bus Delimiter                      : <>
Case Specifier                     : Maintain
Slice Utilization Ratio            : 100
BRAM Utilization Ratio             : 100
Verilog 2001                       : YES
Auto BRAM Packing                  : NO
Slice Utilization Ratio Delta      : 5

=========================================================================


=========================================================================
*                          HDL Compilation                              *
=========================================================================
Compiling verilog file "../TM1638/TM1638.v" in library work
Compiling verilog file "CHIAXUNG.v" in library work
Module <TM1638> compiled
Compiling verilog file "../Control8Led_sangtatdan_1sw/dkledsangtatdan.v" in library work
Module <CHIAXUNG> compiled
Compiling verilog file "DKLED_TM1638_SANGDAN.v" in library work
Module <DKLEDSANGDAN_TATHET> compiled
Module <DKLED_TM1638_SANGDAN> compiled
No errors in compilation
Analysis of file <"DKLED_TM1638_SANGDAN.prj"> succeeded.
 

=========================================================================
*                     Design Hierarchy Analysis                         *
=========================================================================
Analyzing hierarchy for module <DKLED_TM1638_SANGDAN> in library <work>.

Analyzing hierarchy for module <CHIAXUNG> in library <work>.

Analyzing hierarchy for module <DKLEDSANGDAN_TATHET> in library <work>.

Analyzing hierarchy for module <TM1638> in library <work>.


=========================================================================
*                            HDL Analysis                               *
=========================================================================
Analyzing top module <DKLED_TM1638_SANGDAN>.
WARNING:Xst:852 - "DKLED_TM1638_SANGDAN.v" line 33: Unconnected input port 'seg7' of instance 'tm' is tied to GND.
WARNING:Xst:852 - "DKLED_TM1638_SANGDAN.v" line 33: Unconnected input port 'seg6' of instance 'tm' is tied to GND.
WARNING:Xst:852 - "DKLED_TM1638_SANGDAN.v" line 33: Unconnected input port 'seg5' of instance 'tm' is tied to GND.
WARNING:Xst:852 - "DKLED_TM1638_SANGDAN.v" line 33: Unconnected input port 'seg4' of instance 'tm' is tied to GND.
WARNING:Xst:852 - "DKLED_TM1638_SANGDAN.v" line 33: Unconnected input port 'seg3' of instance 'tm' is tied to GND.
WARNING:Xst:852 - "DKLED_TM1638_SANGDAN.v" line 33: Unconnected input port 'seg2' of instance 'tm' is tied to GND.
WARNING:Xst:852 - "DKLED_TM1638_SANGDAN.v" line 33: Unconnected input port 'seg1' of instance 'tm' is tied to GND.
WARNING:Xst:852 - "DKLED_TM1638_SANGDAN.v" line 33: Unconnected input port 'seg0' of instance 'tm' is tied to GND.
Module <DKLED_TM1638_SANGDAN> is correct for synthesis.
 
Analyzing module <CHIAXUNG> in library <work>.
Module <CHIAXUNG> is correct for synthesis.
 
Analyzing module <DKLEDSANGDAN_TATHET> in library <work>.
Module <DKLEDSANGDAN_TATHET> is correct for synthesis.
 
Analyzing module <TM1638> in library <work>.
	Calling function <sseg>.
	Calling function <sseg>.
	Calling function <sseg>.
	Calling function <sseg>.
	Calling function <sseg>.
	Calling function <sseg>.
	Calling function <sseg>.
	Calling function <sseg>.
Module <TM1638> is correct for synthesis.
 

=========================================================================
*                           HDL Synthesis                               *
=========================================================================

Performing bidirectional port resolution...

Synthesizing Unit <CHIAXUNG>.
    Related source file is "CHIAXUNG.v".
    Found 1-bit register for signal <clk_khz>.
    Found 1-bit register for signal <clk_1hz>.
    Found 32-bit up counter for signal <cnt>.
    Found 32-bit up counter for signal <cnt1>.
    Summary:
	inferred   2 Counter(s).
	inferred   2 D-type flip-flop(s).
Unit <CHIAXUNG> synthesized.


Synthesizing Unit <DKLEDSANGDAN_TATHET>.
    Related source file is "../Control8Led_sangtatdan_1sw/dkledsangtatdan.v".
    Found 8-bit register for signal <out>.
    Summary:
	inferred   8 D-type flip-flop(s).
Unit <DKLEDSANGDAN_TATHET> synthesized.


Synthesizing Unit <TM1638>.
    Related source file is "../TM1638/TM1638.v".
WARNING:Xst:1872 - Variable <i> is used but never assigned.
    Found 1-bit register for signal <clk>.
    Found 1-bit register for signal <dio>.
    Found 1-bit register for signal <stb>.
    Found 8-bit register for signal <command1>.
    Found 33-bit comparator greater for signal <command1$cmp_gt0000> created at line 110.
    Found 33-bit comparator less for signal <command1$cmp_lt0000> created at line 110.
    Found 8-bit register for signal <command2>.
    Found 33-bit comparator greater for signal <command2$cmp_gt0000> created at line 122.
    Found 33-bit comparator less for signal <command2$cmp_lt0000> created at line 122.
    Found 8-bit register for signal <command3>.
    Found 33-bit comparator greater for signal <command3$cmp_gt0000> created at line 142.
    Found 33-bit comparator less for signal <command3$cmp_lt0000> created at line 142.
    Found 32-bit register for signal <cs>.
    Found 32-bit adder for signal <cs$add0000> created at line 155.
    Found 128-bit register for signal <leddatahold>.
    Found 33-bit comparator greater for signal <leddatahold$cmp_gt0000> created at line 129.
    Found 33-bit comparator less for signal <leddatahold$cmp_lt0000> created at line 129.
    Found 33-bit comparator greatequal for signal <old_cs_2$cmp_ge0000> created at line 110.
    Found 33-bit comparator greatequal for signal <old_cs_2$cmp_ge0001> created at line 122.
    Found 33-bit comparator greatequal for signal <old_cs_2$cmp_ge0002> created at line 129.
    Found 33-bit comparator greatequal for signal <old_cs_2$cmp_ge0003> created at line 142.
    Found 33-bit comparator lessequal for signal <old_cs_2$cmp_le0000> created at line 110.
    Found 33-bit comparator lessequal for signal <old_cs_2$cmp_le0001> created at line 122.
    Found 33-bit comparator lessequal for signal <old_cs_2$cmp_le0002> created at line 129.
    Found 33-bit comparator lessequal for signal <old_cs_2$cmp_le0003> created at line 142.
    Summary:
	inferred 187 D-type flip-flop(s).
	inferred   1 Adder/Subtractor(s).
	inferred  16 Comparator(s).
Unit <TM1638> synthesized.


Synthesizing Unit <DKLED_TM1638_SANGDAN>.
    Related source file is "DKLED_TM1638_SANGDAN.v".
WARNING:Xst:1780 - Signal <tens> is never used or assigned. This unconnected signal will be trimmed during the optimization process.
WARNING:Xst:1780 - Signal <ones> is never used or assigned. This unconnected signal will be trimmed during the optimization process.
WARNING:Xst:1780 - Signal <hundreds> is never used or assigned. This unconnected signal will be trimmed during the optimization process.
WARNING:Xst:1780 - Signal <clk_1hz> is never used or assigned. This unconnected signal will be trimmed during the optimization process.
Unit <DKLED_TM1638_SANGDAN> synthesized.


=========================================================================
HDL Synthesis Report

Macro Statistics
# Adders/Subtractors                                   : 1
 32-bit adder                                          : 1
# Counters                                             : 2
 32-bit up counter                                     : 2
# Registers                                            : 18
 1-bit register                                        : 13
 128-bit register                                      : 1
 32-bit register                                       : 1
 8-bit register                                        : 3
# Comparators                                          : 16
 33-bit comparator greatequal                          : 4
 33-bit comparator greater                             : 4
 33-bit comparator less                                : 4
 33-bit comparator lessequal                           : 4

=========================================================================

=========================================================================
*                       Advanced HDL Synthesis                          *
=========================================================================

WARNING:Xst:1293 - FF/Latch <command1_7> has a constant value of 0 in block <tm>. This FF/Latch will be trimmed during the optimization process.
WARNING:Xst:1710 - FF/Latch <leddatahold_121> (without init value) has a constant value of 0 in block <tm>. This FF/Latch will be trimmed during the optimization process.
WARNING:Xst:1710 - FF/Latch <leddatahold_122> (without init value) has a constant value of 0 in block <tm>. This FF/Latch will be trimmed during the optimization process.
WARNING:Xst:1710 - FF/Latch <leddatahold_123> (without init value) has a constant value of 0 in block <tm>. This FF/Latch will be trimmed during the optimization process.
WARNING:Xst:1710 - FF/Latch <leddatahold_124> (without init value) has a constant value of 0 in block <tm>. This FF/Latch will be trimmed during the optimization process.
WARNING:Xst:1710 - FF/Latch <leddatahold_125> (without init value) has a constant value of 0 in block <tm>. This FF/Latch will be trimmed during the optimization process.
WARNING:Xst:1710 - FF/Latch <leddatahold_126> (without init value) has a constant value of 0 in block <tm>. This FF/Latch will be trimmed during the optimization process.
WARNING:Xst:1710 - FF/Latch <leddatahold_127> (without init value) has a constant value of 0 in block <tm>. This FF/Latch will be trimmed during the optimization process.
WARNING:Xst:2404 -  FFs/Latches <leddatahold<127:127>> (without init value) have a constant value of 0 in block <TM1638>.
WARNING:Xst:2404 -  FFs/Latches <leddatahold<126:126>> (without init value) have a constant value of 0 in block <TM1638>.
WARNING:Xst:2404 -  FFs/Latches <leddatahold<125:125>> (without init value) have a constant value of 0 in block <TM1638>.

=========================================================================
Advanced HDL Synthesis Report

Macro Statistics
# Adders/Subtractors                                   : 1
 32-bit adder                                          : 1
# Counters                                             : 2
 32-bit up counter                                     : 2
# Registers                                            : 194
 Flip-Flops                                            : 194
# Comparators                                          : 16
 33-bit comparator greatequal                          : 4
 33-bit comparator greater                             : 4
 33-bit comparator less                                : 4
 33-bit comparator lessequal                           : 4

=========================================================================

=========================================================================
*                         Low Level Synthesis                           *
=========================================================================
WARNING:Xst:1293 - FF/Latch <command1_7> has a constant value of 0 in block <TM1638>. This FF/Latch will be trimmed during the optimization process.
WARNING:Xst:1895 - Due to other FF/Latch trimming, FF/Latch <leddatahold_121> (without init value) has a constant value of 0 in block <TM1638>. This FF/Latch will be trimmed during the optimization process.
WARNING:Xst:1895 - Due to other FF/Latch trimming, FF/Latch <leddatahold_122> (without init value) has a constant value of 0 in block <TM1638>. This FF/Latch will be trimmed during the optimization process.
WARNING:Xst:1895 - Due to other FF/Latch trimming, FF/Latch <leddatahold_123> (without init value) has a constant value of 0 in block <TM1638>. This FF/Latch will be trimmed during the optimization process.
WARNING:Xst:1895 - Due to other FF/Latch trimming, FF/Latch <leddatahold_124> (without init value) has a constant value of 0 in block <TM1638>. This FF/Latch will be trimmed during the optimization process.

Optimizing unit <DKLED_TM1638_SANGDAN> ...

Optimizing unit <CHIAXUNG> ...

Optimizing unit <DKLEDSANGDAN_TATHET> ...

Optimizing unit <TM1638> ...

Mapping all equations...
Building and optimizing final netlist ...
Found area constraint ratio of 100 (+ 5) on block DKLED_TM1638_SANGDAN, actual ratio is 4.

Final Macro Processing ...

Processing Unit <DKLED_TM1638_SANGDAN> :
	Found 4-bit shift register for signal <tm/command3_0>.
INFO:Xst:741 - HDL ADVISOR - A 6-bit shift register was found for signal <tm/command2_0> and currently occupies 6 logic cells (3 slices). Removing the set/reset logic would take advantage of SRL16 (and derived) primitives and reduce this to 1 logic cells (1 slices). Evaluate if the set/reset can be removed for this simple shift register. The majority of simple pipeline structures do not need to be set/reset operationally.
INFO:Xst:741 - HDL ADVISOR - A 6-bit shift register was found for signal <tm/command1_0> and currently occupies 6 logic cells (3 slices). Removing the set/reset logic would take advantage of SRL16 (and derived) primitives and reduce this to 1 logic cells (1 slices). Evaluate if the set/reset can be removed for this simple shift register. The majority of simple pipeline structures do not need to be set/reset operationally.
Unit <DKLED_TM1638_SANGDAN> processed.

=========================================================================
Final Register Report

Macro Statistics
# Registers                                            : 249
 Flip-Flops                                            : 249
# Shift Registers                                      : 1
 4-bit shift register                                  : 1

=========================================================================

=========================================================================
*                           Partition Report                            *
=========================================================================

Partition Implementation Status
-------------------------------

  No Partitions were found in this design.

-------------------------------

=========================================================================
*                            Final Report                               *
=========================================================================
Final Results
RTL Top Level Output File Name     : DKLED_TM1638_SANGDAN.ngr
Top Level Output File Name         : DKLED_TM1638_SANGDAN
Output Format                      : NGC
Optimization Goal                  : Speed
Keep Hierarchy                     : No

Design Statistics
# IOs                              : 4

Cell Usage :
# BELS                             : 685
#      GND                         : 1
#      INV                         : 17
#      LUT1                        : 82
#      LUT2                        : 133
#      LUT2_D                      : 2
#      LUT2_L                      : 1
#      LUT3                        : 21
#      LUT3_L                      : 1
#      LUT4                        : 112
#      LUT4_D                      : 6
#      LUT4_L                      : 2
#      MUXCY                       : 210
#      VCC                         : 1
#      XORCY                       : 96
# FlipFlops/Latches                : 254
#      FD                          : 32
#      FDE                         : 126
#      FDR                         : 72
#      FDRE                        : 16
#      FDSE                        : 8
# Shift Registers                  : 1
#      SRL16E                      : 1
# Clock Buffers                    : 2
#      BUFG                        : 1
#      BUFGP                       : 1
# IO Buffers                       : 3
#      OBUF                        : 3
=========================================================================

Device utilization summary:
---------------------------

Selected Device : 3s500efg320-4 

 Number of Slices:                      216  out of   4656     4%  
 Number of Slice Flip Flops:            254  out of   9312     2%  
 Number of 4 input LUTs:                378  out of   9312     4%  
    Number used as logic:               377
    Number used as Shift registers:       1
 Number of IOs:                           4
 Number of bonded IOBs:                   4  out of    232     1%  
 Number of GCLKs:                         2  out of     24     8%  

---------------------------
Partition Resource Summary:
---------------------------

  No Partitions were found in this design.

---------------------------


=========================================================================
TIMING REPORT

NOTE: THESE TIMING NUMBERS ARE ONLY A SYNTHESIS ESTIMATE.
      FOR ACCURATE TIMING INFORMATION PLEASE REFER TO THE TRACE REPORT
      GENERATED AFTER PLACE-and-ROUTE.

Clock Information:
------------------
-----------------------------------+------------------------+-------+
Clock Signal                       | Clock buffer(FF name)  | Load  |
-----------------------------------+------------------------+-------+
clki                               | BUFGP                  | 66    |
clock/clk_1hz                      | NONE(dkled/out_0)      | 8     |
clock/clk_khz1                     | BUFG                   | 181   |
-----------------------------------+------------------------+-------+
INFO:Xst:2169 - HDL ADVISOR - Some clock signals were not automatically buffered by XST with BUFG/BUFR resources. Please use the buffer_type constraint in order to insert these buffers to the clock signals to help prevent skew problems.

Asynchronous Control Signals Information:
----------------------------------------
No asynchronous control signals found in this design

Timing Summary:
---------------
Speed Grade: -4

   Minimum period: 11.262ns (Maximum Frequency: 88.794MHz)
   Minimum input arrival time before clock: No path found
   Maximum output required time after clock: 4.532ns
   Maximum combinational path delay: No path found

Timing Detail:
--------------
All values displayed in nanoseconds (ns)

=========================================================================
Timing constraint: Default period analysis for Clock 'clki'
  Clock period: 5.240ns (frequency: 190.857MHz)
  Total number of paths / destination ports: 3170 / 132
-------------------------------------------------------------------------
Delay:               5.240ns (Levels of Logic = 9)
  Source:            clock/cnt1_8 (FF)
  Destination:       clock/cnt1_31 (FF)
  Source Clock:      clki rising
  Destination Clock: clki rising

  Data Path: clock/cnt1_8 to clock/cnt1_31
                                Gate     Net
    Cell:in->out      fanout   Delay   Delay  Logical Name (Net Name)
    ----------------------------------------  ------------
     FDR:C->Q              2   0.591   0.622  clock/cnt1_8 (clock/cnt1_8)
     LUT4:I0->O            1   0.704   0.000  clock/clk_1hz_cmp_eq0000_wg_lut<0> (clock/clk_1hz_cmp_eq0000_wg_lut<0>)
     MUXCY:S->O            1   0.464   0.000  clock/clk_1hz_cmp_eq0000_wg_cy<0> (clock/clk_1hz_cmp_eq0000_wg_cy<0>)
     MUXCY:CI->O           1   0.059   0.000  clock/clk_1hz_cmp_eq0000_wg_cy<1> (clock/clk_1hz_cmp_eq0000_wg_cy<1>)
     MUXCY:CI->O           1   0.059   0.000  clock/clk_1hz_cmp_eq0000_wg_cy<2> (clock/clk_1hz_cmp_eq0000_wg_cy<2>)
     MUXCY:CI->O           1   0.059   0.000  clock/clk_1hz_cmp_eq0000_wg_cy<3> (clock/clk_1hz_cmp_eq0000_wg_cy<3>)
     MUXCY:CI->O           1   0.059   0.000  clock/clk_1hz_cmp_eq0000_wg_cy<4> (clock/clk_1hz_cmp_eq0000_wg_cy<4>)
     MUXCY:CI->O           1   0.059   0.000  clock/clk_1hz_cmp_eq0000_wg_cy<5> (clock/clk_1hz_cmp_eq0000_wg_cy<5>)
     MUXCY:CI->O           1   0.059   0.000  clock/clk_1hz_cmp_eq0000_wg_cy<6> (clock/clk_1hz_cmp_eq0000_wg_cy<6>)
     MUXCY:CI->O          33   0.331   1.263  clock/clk_1hz_cmp_eq0000_wg_cy<7> (clock/clk_1hz_cmp_eq0000)
     FDR:R                     0.911          clock/cnt1_0
    ----------------------------------------
    Total                      5.240ns (3.355ns logic, 1.885ns route)
                                       (64.0% logic, 36.0% route)

=========================================================================
Timing constraint: Default period analysis for Clock 'clock/clk_1hz'
  Clock period: 4.968ns (frequency: 201.288MHz)
  Total number of paths / destination ports: 71 / 15
-------------------------------------------------------------------------
Delay:               4.968ns (Levels of Logic = 2)
  Source:            dkled/out_3 (FF)
  Destination:       dkled/out_0 (FF)
  Source Clock:      clock/clk_1hz rising
  Destination Clock: clock/clk_1hz rising

  Data Path: dkled/out_3 to dkled/out_0
                                Gate     Net
    Cell:in->out      fanout   Delay   Delay  Logical Name (Net Name)
    ----------------------------------------  ------------
     FDR:C->Q              3   0.591   0.706  dkled/out_3 (dkled/out_3)
     LUT4:I0->O            1   0.704   0.595  dkled/out_7_cmp_eq00004 (dkled/out_7_cmp_eq00004)
     LUT2:I0->O            8   0.704   0.757  dkled/out_7_cmp_eq000010 (dkled/out_7_cmp_eq0000)
     FDR:R                     0.911          dkled/out_7
    ----------------------------------------
    Total                      4.968ns (2.910ns logic, 2.058ns route)
                                       (58.6% logic, 41.4% route)

=========================================================================
Timing constraint: Default period analysis for Clock 'clock/clk_khz1'
  Clock period: 11.262ns (frequency: 88.794MHz)
  Total number of paths / destination ports: 159688 / 350
-------------------------------------------------------------------------
Delay:               11.262ns (Levels of Logic = 40)
  Source:            tm/cs_25 (FF)
  Destination:       tm/cs_31 (FF)
  Source Clock:      clock/clk_khz1 rising
  Destination Clock: clock/clk_khz1 rising

  Data Path: tm/cs_25 to tm/cs_31
                                Gate     Net
    Cell:in->out      fanout   Delay   Delay  Logical Name (Net Name)
    ----------------------------------------  ------------
     FD:C->Q              10   0.591   1.057  tm/cs_25 (tm/cs_25)
     LUT2:I0->O            1   0.704   0.000  tm/old_cs_2_cmp_eq00001_wg_lut<0> (tm/old_cs_2_cmp_eq00001_wg_lut<0>)
     MUXCY:S->O            1   0.464   0.000  tm/old_cs_2_cmp_eq00001_wg_cy<0> (tm/old_cs_2_cmp_eq00001_wg_cy<0>)
     MUXCY:CI->O           1   0.059   0.000  tm/old_cs_2_cmp_eq00001_wg_cy<1> (tm/old_cs_2_cmp_eq00001_wg_cy<1>)
     MUXCY:CI->O           1   0.059   0.000  tm/old_cs_2_cmp_eq00001_wg_cy<2> (tm/old_cs_2_cmp_eq00001_wg_cy<2>)
     MUXCY:CI->O           1   0.059   0.000  tm/old_cs_2_cmp_eq00001_wg_cy<3> (tm/old_cs_2_cmp_eq00001_wg_cy<3>)
     MUXCY:CI->O           1   0.059   0.000  tm/old_cs_2_cmp_eq00001_wg_cy<4> (tm/old_cs_2_cmp_eq00001_wg_cy<4>)
     MUXCY:CI->O           1   0.059   0.000  tm/old_cs_2_cmp_eq00001_wg_cy<5> (tm/old_cs_2_cmp_eq00001_wg_cy<5>)
     MUXCY:CI->O           5   0.459   0.637  tm/old_cs_2_cmp_eq00001_wg_cy<6> (tm/old_cs_2_cmp_eq00001_wg_cy<6>)
     LUT4_D:I3->O         20   0.704   1.137  tm/old_cs_2_cmp_eq00001 (tm/old_cs_2_cmp_eq0000)
     LUT4:I2->O            5   0.704   0.637  tm/_old_cs_2<10>1139_SW1 (N50)
     LUT4:I3->O            1   0.704   0.000  tm/_old_cs_2<3>1 (tm/_old_cs_2<3>)
     MUXCY:S->O            1   0.464   0.000  tm/Madd_cs_add0000_cy<3> (tm/Madd_cs_add0000_cy<3>)
     MUXCY:CI->O           1   0.059   0.000  tm/Madd_cs_add0000_cy<4> (tm/Madd_cs_add0000_cy<4>)
     MUXCY:CI->O           1   0.059   0.000  tm/Madd_cs_add0000_cy<5> (tm/Madd_cs_add0000_cy<5>)
     MUXCY:CI->O           1   0.059   0.000  tm/Madd_cs_add0000_cy<6> (tm/Madd_cs_add0000_cy<6>)
     MUXCY:CI->O           1   0.059   0.000  tm/Madd_cs_add0000_cy<7> (tm/Madd_cs_add0000_cy<7>)
     MUXCY:CI->O           1   0.059   0.000  tm/Madd_cs_add0000_cy<8> (tm/Madd_cs_add0000_cy<8>)
     MUXCY:CI->O           1   0.059   0.000  tm/Madd_cs_add0000_cy<9> (tm/Madd_cs_add0000_cy<9>)
     MUXCY:CI->O           1   0.059   0.000  tm/Madd_cs_add0000_cy<10> (tm/Madd_cs_add0000_cy<10>)
     MUXCY:CI->O           1   0.059   0.000  tm/Madd_cs_add0000_cy<11> (tm/Madd_cs_add0000_cy<11>)
     MUXCY:CI->O           1   0.059   0.000  tm/Madd_cs_add0000_cy<12> (tm/Madd_cs_add0000_cy<12>)
     MUXCY:CI->O           1   0.059   0.000  tm/Madd_cs_add0000_cy<13> (tm/Madd_cs_add0000_cy<13>)
     MUXCY:CI->O           1   0.059   0.000  tm/Madd_cs_add0000_cy<14> (tm/Madd_cs_add0000_cy<14>)
     MUXCY:CI->O           1   0.059   0.000  tm/Madd_cs_add0000_cy<15> (tm/Madd_cs_add0000_cy<15>)
     MUXCY:CI->O           1   0.059   0.000  tm/Madd_cs_add0000_cy<16> (tm/Madd_cs_add0000_cy<16>)
     MUXCY:CI->O           1   0.059   0.000  tm/Madd_cs_add0000_cy<17> (tm/Madd_cs_add0000_cy<17>)
     MUXCY:CI->O           1   0.059   0.000  tm/Madd_cs_add0000_cy<18> (tm/Madd_cs_add0000_cy<18>)
     MUXCY:CI->O           1   0.059   0.000  tm/Madd_cs_add0000_cy<19> (tm/Madd_cs_add0000_cy<19>)
     MUXCY:CI->O           1   0.059   0.000  tm/Madd_cs_add0000_cy<20> (tm/Madd_cs_add0000_cy<20>)
     MUXCY:CI->O           1   0.059   0.000  tm/Madd_cs_add0000_cy<21> (tm/Madd_cs_add0000_cy<21>)
     MUXCY:CI->O           1   0.059   0.000  tm/Madd_cs_add0000_cy<22> (tm/Madd_cs_add0000_cy<22>)
     MUXCY:CI->O           1   0.059   0.000  tm/Madd_cs_add0000_cy<23> (tm/Madd_cs_add0000_cy<23>)
     MUXCY:CI->O           1   0.059   0.000  tm/Madd_cs_add0000_cy<24> (tm/Madd_cs_add0000_cy<24>)
     MUXCY:CI->O           1   0.059   0.000  tm/Madd_cs_add0000_cy<25> (tm/Madd_cs_add0000_cy<25>)
     MUXCY:CI->O           1   0.059   0.000  tm/Madd_cs_add0000_cy<26> (tm/Madd_cs_add0000_cy<26>)
     MUXCY:CI->O           1   0.059   0.000  tm/Madd_cs_add0000_cy<27> (tm/Madd_cs_add0000_cy<27>)
     MUXCY:CI->O           1   0.059   0.000  tm/Madd_cs_add0000_cy<28> (tm/Madd_cs_add0000_cy<28>)
     MUXCY:CI->O           1   0.059   0.000  tm/Madd_cs_add0000_cy<29> (tm/Madd_cs_add0000_cy<29>)
     MUXCY:CI->O           0   0.059   0.000  tm/Madd_cs_add0000_cy<30> (tm/Madd_cs_add0000_cy<30>)
     XORCY:CI->O           1   0.804   0.000  tm/Madd_cs_add0000_xor<31> (tm/cs_add0000<31>)
     FD:D                      0.308          tm/cs_31
    ----------------------------------------
    Total                     11.262ns (7.794ns logic, 3.468ns route)
                                       (69.2% logic, 30.8% route)

=========================================================================
Timing constraint: Default OFFSET OUT AFTER for Clock 'clock/clk_khz1'
  Total number of paths / destination ports: 3 / 3
-------------------------------------------------------------------------
Offset:              4.532ns (Levels of Logic = 1)
  Source:            tm/clk (FF)
  Destination:       clko (PAD)
  Source Clock:      clock/clk_khz1 rising

  Data Path: tm/clk to clko
                                Gate     Net
    Cell:in->out      fanout   Delay   Delay  Logical Name (Net Name)
    ----------------------------------------  ------------
     FDE:C->Q              6   0.591   0.669  tm/clk (tm/clk)
     OBUF:I->O                 3.272          clko_OBUF (clko)
    ----------------------------------------
    Total                      4.532ns (3.863ns logic, 0.669ns route)
                                       (85.2% logic, 14.8% route)

=========================================================================


Total REAL time to Xst completion: 11.00 secs
Total CPU time to Xst completion: 11.02 secs
 
--> 

Total memory usage is 4513480 kilobytes

Number of errors   :    0 (   0 filtered)
Number of warnings :   29 (   0 filtered)
Number of infos    :    3 (   0 filtered)

