MO CHIAXUNG NULL CHIAXUNG.v vlg2F/_c_h_i_a_x_u_n_g.bin 1695781712
MO DKLED_TM1638_SANGDAN NULL DKLED_TM1638_SANGDAN.v vlg01/_d_k_l_e_d___t_m1638___s_a_n_g_d_a_n.bin 1695781712
MO TM1638 NULL ../TM1638/TM1638.v vlg4B/_t_m1638.bin 1695781712
MO DKLEDSANGDAN_TATHET NULL ../Control8Led_sangtatdan_1sw/dkledsangtatdan.v vlg21/_d_k_l_e_d_s_a_n_g_d_a_n___t_a_t_h_e_t.bin 1695781712
